// Jest Snapshot v1, https://goo.gl/fbAQLP

exports[`Navbar should render Navbar 1`] = `
Object {
  "asFragment": [Function],
  "baseElement": <body>
    <div>
      <div
        class="sc-eCImvq ghfczK"
      >
        <nav
          class="sc-bdvvaa iwfTtt"
        >
          <div
            class="sc-gsDJrp gPfrBN"
          >
            <div
              class="leftMenu"
            >
              <ul
                class="ant-menu ant-menu-light ant-menu-root ant-menu-inline"
                role="menu"
              >
                <li
                  class="ant-menu-item ant-menu-item-only-child"
                  role="menuitem"
                  style="padding-left: 24px;"
                >
                  Profile
                </li>
                <li
                  class="ant-menu-item ant-menu-item-only-child"
                  role="menuitem"
                  style="padding-left: 24px;"
                >
                  Gists
                </li>
                <li
                  class="ant-menu-item ant-menu-item-only-child ant-menu-item-selected"
                  role="menuitem"
                  style="padding-left: 24px;"
                >
                  Orgs
                </li>
                <li
                  class="ant-menu-item ant-menu-item-only-child"
                  role="menuitem"
                  style="padding-left: 24px;"
                >
                  Search New User
                </li>
              </ul>
            </div>
            <button
              class="ant-btn ant-btn-primary barsMenu"
              type="button"
            >
              <span
                class="sc-hKwCoD jeKmDZ"
              />
            </button>
          </div>
        </nav>
      </div>
    </div>
  </body>,
  "container": <div>
    <div
      class="sc-eCImvq ghfczK"
    >
      <nav
        class="sc-bdvvaa iwfTtt"
      >
        <div
          class="sc-gsDJrp gPfrBN"
        >
          <div
            class="leftMenu"
          >
            <ul
              class="ant-menu ant-menu-light ant-menu-root ant-menu-inline"
              role="menu"
            >
              <li
                class="ant-menu-item ant-menu-item-only-child"
                role="menuitem"
                style="padding-left: 24px;"
              >
                Profile
              </li>
              <li
                class="ant-menu-item ant-menu-item-only-child"
                role="menuitem"
                style="padding-left: 24px;"
              >
                Gists
              </li>
              <li
                class="ant-menu-item ant-menu-item-only-child ant-menu-item-selected"
                role="menuitem"
                style="padding-left: 24px;"
              >
                Orgs
              </li>
              <li
                class="ant-menu-item ant-menu-item-only-child"
                role="menuitem"
                style="padding-left: 24px;"
              >
                Search New User
              </li>
            </ul>
          </div>
          <button
            class="ant-btn ant-btn-primary barsMenu"
            type="button"
          >
            <span
              class="sc-hKwCoD jeKmDZ"
            />
          </button>
        </div>
      </nav>
    </div>
  </div>,
  "debug": [Function],
  "findAllByAltText": [Function],
  "findAllByDisplayValue": [Function],
  "findAllByLabelText": [Function],
  "findAllByPlaceholderText": [Function],
  "findAllByRole": [Function],
  "findAllByTestId": [Function],
  "findAllByText": [Function],
  "findAllByTitle": [Function],
  "findByAltText": [Function],
  "findByDisplayValue": [Function],
  "findByLabelText": [Function],
  "findByPlaceholderText": [Function],
  "findByRole": [Function],
  "findByTestId": [Function],
  "findByText": [Function],
  "findByTitle": [Function],
  "getAllByAltText": [Function],
  "getAllByDisplayValue": [Function],
  "getAllByLabelText": [Function],
  "getAllByPlaceholderText": [Function],
  "getAllByRole": [Function],
  "getAllByTestId": [Function],
  "getAllByText": [Function],
  "getAllByTitle": [Function],
  "getByAltText": [Function],
  "getByDisplayValue": [Function],
  "getByLabelText": [Function],
  "getByPlaceholderText": [Function],
  "getByRole": [Function],
  "getByTestId": [Function],
  "getByText": [Function],
  "getByTitle": [Function],
  "queryAllByAltText": [Function],
  "queryAllByDisplayValue": [Function],
  "queryAllByLabelText": [Function],
  "queryAllByPlaceholderText": [Function],
  "queryAllByRole": [Function],
  "queryAllByTestId": [Function],
  "queryAllByText": [Function],
  "queryAllByTitle": [Function],
  "queryByAltText": [Function],
  "queryByDisplayValue": [Function],
  "queryByLabelText": [Function],
  "queryByPlaceholderText": [Function],
  "queryByRole": [Function],
  "queryByTestId": [Function],
  "queryByText": [Function],
  "queryByTitle": [Function],
  "rerender": [Function],
  "unmount": [Function],
}
`;
